════════════════════════════════════════════════════════
GNF STRESS 1: Single Non-terminal Left Recursion
════════════════════════════════════════════════════════
CNF (5 rules):
S → STA
S → b
S0 → STA
S0 → b
TA → a

GNF ✅ PASS (6 rules, max body len=3):
S0 → bZ1TA
S0 → b
TA → a
S → bZ1
Z1 → a
Z1 → aZ1

════════════════════════════════════════════════════════
GNF STRESS 2: Two Separate Left Recursions
════════════════════════════════════════════════════════
CNF (5 rules):
S → STB
S → a
S0 → STB
S0 → a
TB → b

GNF ✅ PASS (6 rules, max body len=3):
S0 → aZ1TB
S0 → a
TB → b
S → aZ1
Z1 → b
Z1 → bZ1

════════════════════════════════════════════════════════
GNF STRESS 3: Indirect Left Recursion
════════════════════════════════════════════════════════
CNF (6 rules):
S → ATB
A → STA
A → c
S0 → ATB
TB → b
TA → a

GNF ✅ PASS (9 rules, max body len=5):
A → cTBZ1TA
A → c
S0 → cTBZ1TATB
S0 → cTB
TB → b
TA → a
S → cTBZ1
Z1 → aTB
Z1 → aTBZ1

════════════════════════════════════════════════════════
GNF STRESS 4: Three Mutually Dependent Non-terminals
════════════════════════════════════════════════════════
CNF (8 rules):
S → ATA
A → BTB
B → STC
B → d
S0 → ATA
TA → a
TB → b
TC → c

GNF ✅ PASS (12 rules, max body len=7):
A → dTBTAZ1TCTB
A → dTB
B → dTBTAZ1TC
B → d
S0 → dTBTAZ1TCTBTA
S0 → dTBTA
TA → a
TB → b
TC → c
S → dTBTAZ1
Z1 → cTBTA
Z1 → cTBTAZ1

════════════════════════════════════════════════════════
GNF STRESS 5: Left Recursion + Nullable
════════════════════════════════════════════════════════
CNF (9 rules):
S → STA
S → ATB
S → b
A → c
S0 → STA
S0 → ATB
S0 → b
TA → a
TB → b

GNF ✅ PASS (11 rules, max body len=4):
A → c
S0 → cTBZ1TA
S0 → bZ1TA
S0 → cTB
S0 → b
TA → a
TB → b
S → cTBZ1
S → bZ1
Z1 → a
Z1 → aZ1

════════════════════════════════════════════════════════
GNF STRESS 6: Left Recursion With Multiple Base Cases
════════════════════════════════════════════════════════
CNF (12 rules):
S → STA
S → STB
S → c
S → d
S → e
S0 → STA
S0 → STB
S0 → c
S0 → d
S0 → e
TA → a
TB → b

GNF ✅ PASS (18 rules, max body len=3):
S0 → cZ1TA
S0 → dZ1TA
S0 → eZ1TA
S0 → cZ1TB
S0 → dZ1TB
S0 → eZ1TB
S0 → c
S0 → d
S0 → e
TA → a
TB → b
S → cZ1
S → dZ1
S → eZ1
Z1 → a
Z1 → aZ1
Z1 → b
Z1 → bZ1

════════════════════════════════════════════════════════
GNF STRESS 7: Right Recursion (Should Not Change)
════════════════════════════════════════════════════════
CNF (5 rules):
S → TAS
S → b
S0 → TAS
S0 → b
TA → a

GNF ✅ PASS (5 rules, max body len=2):
S → aS
S → b
S0 → aS
S0 → b
TA → a

════════════════════════════════════════════════════════
GNF STRESS 8: Four-level Indirect Left Recursion
════════════════════════════════════════════════════════
CNF (10 rules):
S → ATB
A → BTC
B → CTD
C → STA
C → e
S0 → ATB
TB → b
TC → c
TD → d
TA → a

GNF ✅ PASS (15 rules, max body len=9):
A → eTDTCTBZ1TATDTC
A → eTDTC
B → eTDTCTBZ1TATD
B → eTD
C → eTDTCTBZ1TA
C → e
S0 → eTDTCTBZ1TATDTCTB
S0 → eTDTCTB
TB → b
TC → c
TD → d
TA → a
S → eTDTCTBZ1
Z1 → aTDTCTB
Z1 → aTDTCTBZ1

════════════════════════════════════════════════════════
GNF STRESS 9B: Test 9 Variant (Reversed Ordering)
════════════════════════════════════════════════════════
CNF (9 rules):
A → ATB
A → STA
S → STC
S → d
S0 → ATB
S0 → STA
TB → b
TA → a
TC → c

GNF ✅ PASS (11 rules, max body len=5):
S0 → dZ2TAZ1TB
S0 → dZ2TA
TB → b
TA → a
TC → c
A → dZ2TAZ1
Z1 → b
Z1 → bZ1
S → dZ2
Z2 → c
Z2 → cZ2

════════════════════════════════════════════════════════
GNF STRESS 10: Maximum GNF Stress
════════════════════════════════════════════════════════
CNF (14 rules):
S → STA
S → ATB
S → c
A → ATC
A → BTD
A → d
B → e
S0 → STA
S0 → ATB
S0 → c
TA → a
TB → b
TC → c
TD → d

GNF ✅ PASS (20 rules, max body len=5):
B → e
S0 → eTDTBZ2TA
S0 → dTBZ2TA
S0 → cZ2TA
S0 → eTDZ1TB
S0 → dZ1TB
S0 → c
TA → a
TB → b
TC → c
TD → d
A → eTDZ1
A → dZ1
Z1 → c
Z1 → cZ1
S → eTDTBZ2
S → dTBZ2
S → cZ2
Z2 → a
Z2 → aZ2

